0 verbose cli C:\Program Files\nodejs\node.exe C:\Program Files\nodejs\node_modules\npm\bin\npm-cli.js
1 info using npm@11.6.2
2 info using node@v24.11.1
3 silly config load:file:C:\Program Files\nodejs\node_modules\npm\npmrc
4 silly config load:file:C:\laragon\www\nawi-2\.npmrc
5 silly config load:file:C:\Users\froil\.npmrc
6 silly config load:file:C:\Users\froil\AppData\Roaming\npm\etc\npmrc
7 verbose title npm install
8 verbose argv "install" "--cache" ".npm-cache"
9 verbose logfile logs-max:10 dir:C:\laragon\www\nawi-2\.npm-cache\_logs\2026-04-06T16_57_07_345Z-
10 verbose logfile C:\laragon\www\nawi-2\.npm-cache\_logs\2026-04-06T16_57_07_345Z-debug-0.log
11 silly logfile done cleaning log files
12 silly packumentCache heap:2348810240 maxSize:587202560 maxEntrySize:293601280
13 silly idealTree buildDeps
14 silly reify mark retired [ 'C:\\laragon\\www\\nawi-2\\node_modules\\asynckit' ]
15 silly reify mark retired [ 'C:\\laragon\\www\\nawi-2\\node_modules\\bootstrap' ]
16 silly reify mark retired [ 'C:\\laragon\\www\\nawi-2\\node_modules\\call-bind-apply-helpers' ]
17 silly reify mark retired [ 'C:\\laragon\\www\\nawi-2\\node_modules\\chokidar' ]
18 silly reify mark retired [ 'C:\\laragon\\www\\nawi-2\\node_modules\\combined-stream' ]
19 silly reify mark retired [ 'C:\\laragon\\www\\nawi-2\\node_modules\\delayed-stream' ]
20 silly reify mark retired [ 'C:\\laragon\\www\\nawi-2\\node_modules\\braces' ]
21 silly reify mark retired [ 'C:\\laragon\\www\\nawi-2\\node_modules\\axios' ]
22 silly reify mark retired [ 'C:\\laragon\\www\\nawi-2\\node_modules\\dunder-proto' ]
23 silly reify mark retired [ 'C:\\laragon\\www\\nawi-2\\node_modules\\es-define-property' ]
24 silly reify mark retired [ 'C:\\laragon\\www\\nawi-2\\node_modules\\es-errors' ]
25 silly reify mark retired [ 'C:\\laragon\\www\\nawi-2\\node_modules\\es-object-atoms' ]
26 silly reify mark retired [ 'C:\\laragon\\www\\nawi-2\\node_modules\\esbuild' ]
27 silly reify mark retired [ 'C:\\laragon\\www\\nawi-2\\node_modules\\es-set-tostringtag' ]
28 silly reify mark retired [ 'C:\\laragon\\www\\nawi-2\\node_modules\\fill-range' ]
29 silly reify mark retired [ 'C:\\laragon\\www\\nawi-2\\node_modules\\follow-redirects' ]
30 silly reify mark retired [ 'C:\\laragon\\www\\nawi-2\\node_modules\\form-data' ]
31 silly reify mark retired [ 'C:\\laragon\\www\\nawi-2\\node_modules\\function-bind' ]
32 silly reify mark retired [ 'C:\\laragon\\www\\nawi-2\\node_modules\\get-intrinsic' ]
33 silly reify mark retired [ 'C:\\laragon\\www\\nawi-2\\node_modules\\get-proto' ]
34 silly reify mark retired [ 'C:\\laragon\\www\\nawi-2\\node_modules\\detect-libc' ]
35 silly reify mark retired [ 'C:\\laragon\\www\\nawi-2\\node_modules\\has-symbols' ]
36 silly reify mark retired [ 'C:\\laragon\\www\\nawi-2\\node_modules\\has-tostringtag' ]
37 silly reify mark retired [ 'C:\\laragon\\www\\nawi-2\\node_modules\\gopd' ]
38 silly reify mark retired [ 'C:\\laragon\\www\\nawi-2\\node_modules\\hasown' ]
39 silly reify mark retired [ 'C:\\laragon\\www\\nawi-2\\node_modules\\immutable' ]
40 silly reify mark retired [ 'C:\\laragon\\www\\nawi-2\\node_modules\\is-extglob' ]
41 silly reify mark retired [ 'C:\\laragon\\www\\nawi-2\\node_modules\\is-glob' ]
42 silly reify mark retired [ 'C:\\laragon\\www\\nawi-2\\node_modules\\is-number' ]
43 silly reify mark retired [ 'C:\\laragon\\www\\nawi-2\\node_modules\\laravel-vite-plugin' ]
44 silly reify mark retired [ 'C:\\laragon\\www\\nawi-2\\node_modules\\math-intrinsics' ]
45 silly reify mark retired [ 'C:\\laragon\\www\\nawi-2\\node_modules\\micromatch' ]
46 silly reify mark retired [ 'C:\\laragon\\www\\nawi-2\\node_modules\\mime-db' ]
47 silly reify mark retired [ 'C:\\laragon\\www\\nawi-2\\node_modules\\mime-types' ]
48 silly reify mark retired [ 'C:\\laragon\\www\\nawi-2\\node_modules\\nanoid' ]
49 silly reify mark retired [ 'C:\\laragon\\www\\nawi-2\\node_modules\\node-addon-api' ]
50 silly reify mark retired [ 'C:\\laragon\\www\\nawi-2\\node_modules\\picocolors' ]
51 silly reify mark retired [ 'C:\\laragon\\www\\nawi-2\\node_modules\\picomatch' ]
52 silly reify mark retired [ 'C:\\laragon\\www\\nawi-2\\node_modules\\postcss' ]
53 silly reify mark retired [ 'C:\\laragon\\www\\nawi-2\\node_modules\\proxy-from-env' ]
54 silly reify mark retired [ 'C:\\laragon\\www\\nawi-2\\node_modules\\readdirp' ]
55 silly reify mark retired [ 'C:\\laragon\\www\\nawi-2\\node_modules\\rollup' ]
56 silly reify mark retired [ 'C:\\laragon\\www\\nawi-2\\node_modules\\sass' ]
57 silly reify mark retired [ 'C:\\laragon\\www\\nawi-2\\node_modules\\source-map-js' ]
58 silly reify mark retired [ 'C:\\laragon\\www\\nawi-2\\node_modules\\to-regex-range' ]
59 silly reify mark retired [ 'C:\\laragon\\www\\nawi-2\\node_modules\\vite' ]
60 silly reify mark retired [ 'C:\\laragon\\www\\nawi-2\\node_modules\\vite-plugin-full-reload' ]
61 silly reify mark retired [ 'C:\\laragon\\www\\nawi-2\\node_modules\\@esbuild\\win32-x64' ]
62 silly reify mark retired [
62 silly reify   'C:\\laragon\\www\\nawi-2\\node_modules\\@rollup\\rollup-win32-x64-msvc'
62 silly reify ]
63 silly reify mark retired [ 'C:\\laragon\\www\\nawi-2\\node_modules\\@parcel\\watcher' ]
64 silly reify mark retired [
64 silly reify   'C:\\laragon\\www\\nawi-2\\node_modules\\@parcel\\watcher-win32-x64'
64 silly reify ]
65 silly reify mark retired [ 'C:\\laragon\\www\\nawi-2\\node_modules\\@types\\estree' ]
66 silly reify moves {
66 silly reify   'C:\\laragon\\www\\nawi-2\\node_modules\\asynckit': 'C:\\laragon\\www\\nawi-2\\node_modules\\.asynckit-4TwFSpIB',
66 silly reify   'C:\\laragon\\www\\nawi-2\\node_modules\\bootstrap': 'C:\\laragon\\www\\nawi-2\\node_modules\\.bootstrap-xwYB8zcq',
66 silly reify   'C:\\laragon\\www\\nawi-2\\node_modules\\call-bind-apply-helpers': 'C:\\laragon\\www\\nawi-2\\node_modules\\.call-bind-apply-helpers-WAnhfTUQ',
66 silly reify   'C:\\laragon\\www\\nawi-2\\node_modules\\chokidar': 'C:\\laragon\\www\\nawi-2\\node_modules\\.chokidar-jSGAKySc',
66 silly reify   'C:\\laragon\\www\\nawi-2\\node_modules\\combined-stream': 'C:\\laragon\\www\\nawi-2\\node_modules\\.combined-stream-IUMJGvxA',
66 silly reify   'C:\\laragon\\www\\nawi-2\\node_modules\\delayed-stream': 'C:\\laragon\\www\\nawi-2\\node_modules\\.delayed-stream-ACiyZdFz',
66 silly reify   'C:\\laragon\\www\\nawi-2\\node_modules\\braces': 'C:\\laragon\\www\\nawi-2\\node_modules\\.braces-A4zsXYFu',
66 silly reify   'C:\\laragon\\www\\nawi-2\\node_modules\\axios': 'C:\\laragon\\www\\nawi-2\\node_modules\\.axios-fi353nzy',
66 silly reify   'C:\\laragon\\www\\nawi-2\\node_modules\\dunder-proto': 'C:\\laragon\\www\\nawi-2\\node_modules\\.dunder-proto-hDfGK0Dg',
66 silly reify   'C:\\laragon\\www\\nawi-2\\node_modules\\es-define-property': 'C:\\laragon\\www\\nawi-2\\node_modules\\.es-define-property-XelXeIZq',
66 silly reify   'C:\\laragon\\www\\nawi-2\\node_modules\\es-errors': 'C:\\laragon\\www\\nawi-2\\node_modules\\.es-errors-VGcIQOzc',
66 silly reify   'C:\\laragon\\www\\nawi-2\\node_modules\\es-object-atoms': 'C:\\laragon\\www\\nawi-2\\node_modules\\.es-object-atoms-ilcLOBZx',
66 silly reify   'C:\\laragon\\www\\nawi-2\\node_modules\\esbuild': 'C:\\laragon\\www\\nawi-2\\node_modules\\.esbuild-lUyHIMA9',
66 silly reify   'C:\\laragon\\www\\nawi-2\\node_modules\\es-set-tostringtag': 'C:\\laragon\\www\\nawi-2\\node_modules\\.es-set-tostringtag-7rcu9UNx',
66 silly reify   'C:\\laragon\\www\\nawi-2\\node_modules\\fill-range': 'C:\\laragon\\www\\nawi-2\\node_modules\\.fill-range-rLS4wVQs',
66 silly reify   'C:\\laragon\\www\\nawi-2\\node_modules\\follow-redirects': 'C:\\laragon\\www\\nawi-2\\node_modules\\.follow-redirects-YKhTtOBx',
66 silly reify   'C:\\laragon\\www\\nawi-2\\node_modules\\form-data': 'C:\\laragon\\www\\nawi-2\\node_modules\\.form-data-dXpLRagc',
66 silly reify   'C:\\laragon\\www\\nawi-2\\node_modules\\function-bind': 'C:\\laragon\\www\\nawi-2\\node_modules\\.function-bind-DqnRLi0B',
66 silly reify   'C:\\laragon\\www\\nawi-2\\node_modules\\get-intrinsic': 'C:\\laragon\\www\\nawi-2\\node_modules\\.get-intrinsic-5irfBOh6',
66 silly reify   'C:\\laragon\\www\\nawi-2\\node_modules\\get-proto': 'C:\\laragon\\www\\nawi-2\\node_modules\\.get-proto-8X2X9fm3',
66 silly reify   'C:\\laragon\\www\\nawi-2\\node_modules\\detect-libc': 'C:\\laragon\\www\\nawi-2\\node_modules\\.detect-libc-THMuixKO',
66 silly reify   'C:\\laragon\\www\\nawi-2\\node_modules\\has-symbols': 'C:\\laragon\\www\\nawi-2\\node_modules\\.has-symbols-Nnqr4WlS',
66 silly reify   'C:\\laragon\\www\\nawi-2\\node_modules\\has-tostringtag': 'C:\\laragon\\www\\nawi-2\\node_modules\\.has-tostringtag-cRc14o3s',
66 silly reify   'C:\\laragon\\www\\nawi-2\\node_modules\\gopd': 'C:\\laragon\\www\\nawi-2\\node_modules\\.gopd-EibMhceu',
66 silly reify   'C:\\laragon\\www\\nawi-2\\node_modules\\hasown': 'C:\\laragon\\www\\nawi-2\\node_modules\\.hasown-pPj1yGto',
66 silly reify   'C:\\laragon\\www\\nawi-2\\node_modules\\immutable': 'C:\\laragon\\www\\nawi-2\\node_modules\\.immutable-MRkTgx7x',
66 silly reify   'C:\\laragon\\www\\nawi-2\\node_modules\\is-extglob': 'C:\\laragon\\www\\nawi-2\\node_modules\\.is-extglob-joh1Zk4I',
66 silly reify   'C:\\laragon\\www\\nawi-2\\node_modules\\is-glob': 'C:\\laragon\\www\\nawi-2\\node_modules\\.is-glob-sqvi2hsx',
66 silly reify   'C:\\laragon\\www\\nawi-2\\node_modules\\is-number': 'C:\\laragon\\www\\nawi-2\\node_modules\\.is-number-Sz9uLwos',
66 silly reify   'C:\\laragon\\www\\nawi-2\\node_modules\\laravel-vite-plugin': 'C:\\laragon\\www\\nawi-2\\node_modules\\.laravel-vite-plugin-57byKiWw',
66 silly reify   'C:\\laragon\\www\\nawi-2\\node_modules\\math-intrinsics': 'C:\\laragon\\www\\nawi-2\\node_modules\\.math-intrinsics-PtPE0V3M',
66 silly reify   'C:\\laragon\\www\\nawi-2\\node_modules\\micromatch': 'C:\\laragon\\www\\nawi-2\\node_modules\\.micromatch-JcwXhOz5',
66 silly reify   'C:\\laragon\\www\\nawi-2\\node_modules\\mime-db': 'C:\\laragon\\www\\nawi-2\\node_modules\\.mime-db-ZCQm4LxJ',
66 silly reify   'C:\\laragon\\www\\nawi-2\\node_modules\\mime-types': 'C:\\laragon\\www\\nawi-2\\node_modules\\.mime-types-vELnDsPf',
66 silly reify   'C:\\laragon\\www\\nawi-2\\node_modules\\nanoid': 'C:\\laragon\\www\\nawi-2\\node_modules\\.nanoid-ijmtFYB8',
66 silly reify   'C:\\laragon\\www\\nawi-2\\node_modules\\node-addon-api': 'C:\\laragon\\www\\nawi-2\\node_modules\\.node-addon-api-y4oOH6yV',
66 silly reify   'C:\\laragon\\www\\nawi-2\\node_modules\\picocolors': 'C:\\laragon\\www\\nawi-2\\node_modules\\.picocolors-w43EYOCB',
66 silly reify   'C:\\laragon\\www\\nawi-2\\node_modules\\picomatch': 'C:\\laragon\\www\\nawi-2\\node_modules\\.picomatch-w0PzkNI1',
66 silly reify   'C:\\laragon\\www\\nawi-2\\node_modules\\postcss': 'C:\\laragon\\www\\nawi-2\\node_modules\\.postcss-PXVAaMfD',
66 silly reify   'C:\\laragon\\www\\nawi-2\\node_modules\\proxy-from-env': 'C:\\laragon\\www\\nawi-2\\node_modules\\.proxy-from-env-tDLeLXZU',
66 silly reify   'C:\\laragon\\www\\nawi-2\\node_modules\\readdirp': 'C:\\laragon\\www\\nawi-2\\node_modules\\.readdirp-hcaNtM8v',
66 silly reify   'C:\\laragon\\www\\nawi-2\\node_modules\\rollup': 'C:\\laragon\\www\\nawi-2\\node_modules\\.rollup-h0cxuLhW',
66 silly reify   'C:\\laragon\\www\\nawi-2\\node_modules\\sass': 'C:\\laragon\\www\\nawi-2\\node_modules\\.sass-wgXmoPDI',
66 silly reify   'C:\\laragon\\www\\nawi-2\\node_modules\\source-map-js': 'C:\\laragon\\www\\nawi-2\\node_modules\\.source-map-js-hQHdigmq',
66 silly reify   'C:\\laragon\\www\\nawi-2\\node_modules\\to-regex-range': 'C:\\laragon\\www\\nawi-2\\node_modules\\.to-regex-range-SI65e66f',
66 silly reify   'C:\\laragon\\www\\nawi-2\\node_modules\\vite': 'C:\\laragon\\www\\nawi-2\\node_modules\\.vite-aOivNw4j',
66 silly reify   'C:\\laragon\\www\\nawi-2\\node_modules\\vite-plugin-full-reload': 'C:\\laragon\\www\\nawi-2\\node_modules\\.vite-plugin-full-reload-95eTLplL',
66 silly reify   'C:\\laragon\\www\\nawi-2\\node_modules\\@esbuild\\win32-x64': 'C:\\laragon\\www\\nawi-2\\node_modules\\@esbuild\\.win32-x64-P7bI9L0M',
66 silly reify   'C:\\laragon\\www\\nawi-2\\node_modules\\@rollup\\rollup-win32-x64-msvc': 'C:\\laragon\\www\\nawi-2\\node_modules\\@rollup\\.rollup-win32-x64-msvc-LEXw2XAs',
66 silly reify   'C:\\laragon\\www\\nawi-2\\node_modules\\@parcel\\watcher': 'C:\\laragon\\www\\nawi-2\\node_modules\\@parcel\\.watcher-AodxL5Mi',
66 silly reify   'C:\\laragon\\www\\nawi-2\\node_modules\\@parcel\\watcher-win32-x64': 'C:\\laragon\\www\\nawi-2\\node_modules\\@parcel\\.watcher-win32-x64-CEviPYPu',
66 silly reify   'C:\\laragon\\www\\nawi-2\\node_modules\\@types\\estree': 'C:\\laragon\\www\\nawi-2\\node_modules\\@types\\.estree-K5lG4UxQ'
66 silly reify }
67 http fetch GET 200 https://registry.npmjs.org/npm 840ms
68 silly audit bulk request {
68 silly audit   '@esbuild/aix-ppc64': [ '0.21.5' ],
68 silly audit   '@esbuild/android-arm': [ '0.21.5' ],
68 silly audit   '@esbuild/android-arm64': [ '0.21.5' ],
68 silly audit   '@esbuild/android-x64': [ '0.21.5' ],
68 silly audit   '@esbuild/darwin-arm64': [ '0.21.5' ],
68 silly audit   '@esbuild/darwin-x64': [ '0.21.5' ],
68 silly audit   '@esbuild/freebsd-arm64': [ '0.21.5' ],
68 silly audit   '@esbuild/freebsd-x64': [ '0.21.5' ],
68 silly audit   '@esbuild/linux-arm': [ '0.21.5' ],
68 silly audit   '@esbuild/linux-arm64': [ '0.21.5' ],
68 silly audit   '@esbuild/linux-ia32': [ '0.21.5' ],
68 silly audit   '@esbuild/linux-loong64': [ '0.21.5' ],
68 silly audit   '@esbuild/linux-mips64el': [ '0.21.5' ],
68 silly audit   '@esbuild/linux-ppc64': [ '0.21.5' ],
68 silly audit   '@esbuild/linux-riscv64': [ '0.21.5' ],
68 silly audit   '@esbuild/linux-s390x': [ '0.21.5' ],
68 silly audit   '@esbuild/linux-x64': [ '0.21.5' ],
68 silly audit   '@esbuild/netbsd-x64': [ '0.21.5' ],
68 silly audit   '@esbuild/openbsd-x64': [ '0.21.5' ],
68 silly audit   '@esbuild/sunos-x64': [ '0.21.5' ],
68 silly audit   '@esbuild/win32-arm64': [ '0.21.5' ],
68 silly audit   '@esbuild/win32-ia32': [ '0.21.5' ],
68 silly audit   '@esbuild/win32-x64': [ '0.21.5' ],
68 silly audit   '@parcel/watcher': [ '2.5.1' ],
68 silly audit   '@parcel/watcher-android-arm64': [ '2.5.1' ],
68 silly audit   '@parcel/watcher-darwin-arm64': [ '2.5.1' ],
68 silly audit   '@parcel/watcher-darwin-x64': [ '2.5.1' ],
68 silly audit   '@parcel/watcher-freebsd-x64': [ '2.5.1' ],
68 silly audit   '@parcel/watcher-linux-arm-glibc': [ '2.5.1' ],
68 silly audit   '@parcel/watcher-linux-arm-musl': [ '2.5.1' ],
68 silly audit   '@parcel/watcher-linux-arm64-glibc': [ '2.5.1' ],
68 silly audit   '@parcel/watcher-linux-arm64-musl': [ '2.5.1' ],
68 silly audit   '@parcel/watcher-linux-x64-glibc': [ '2.5.1' ],
68 silly audit   '@parcel/watcher-linux-x64-musl': [ '2.5.1' ],
68 silly audit   '@parcel/watcher-win32-arm64': [ '2.5.1' ],
68 silly audit   '@parcel/watcher-win32-ia32': [ '2.5.1' ],
68 silly audit   '@parcel/watcher-win32-x64': [ '2.5.1' ],
68 silly audit   '@popperjs/core': [ '2.11.8' ],
68 silly audit   '@rollup/rollup-android-arm-eabi': [ '4.46.4' ],
68 silly audit   '@rollup/rollup-android-arm64': [ '4.46.4' ],
68 silly audit   '@rollup/rollup-darwin-arm64': [ '4.46.4' ],
68 silly audit   '@rollup/rollup-darwin-x64': [ '4.46.4' ],
68 silly audit   '@rollup/rollup-freebsd-arm64': [ '4.46.4' ],
68 silly audit   '@rollup/rollup-freebsd-x64': [ '4.46.4' ],
68 silly audit   '@rollup/rollup-linux-arm-gnueabihf': [ '4.46.4' ],
68 silly audit   '@rollup/rollup-linux-arm-musleabihf': [ '4.46.4' ],
68 silly audit   '@rollup/rollup-linux-arm64-gnu': [ '4.46.4' ],
68 silly audit   '@rollup/rollup-linux-arm64-musl': [ '4.46.4' ],
68 silly audit   '@rollup/rollup-linux-loongarch64-gnu': [ '4.46.4' ],
68 silly audit   '@rollup/rollup-linux-ppc64-gnu': [ '4.46.4' ],
68 silly audit   '@rollup/rollup-linux-riscv64-gnu': [ '4.46.4' ],
68 silly audit   '@rollup/rollup-linux-riscv64-musl': [ '4.46.4' ],
68 silly audit   '@rollup/rollup-linux-s390x-gnu': [ '4.46.4' ],
68 silly audit   '@rollup/rollup-linux-x64-gnu': [ '4.46.4' ],
68 silly audit   '@rollup/rollup-linux-x64-musl': [ '4.46.4' ],
68 silly audit   '@rollup/rollup-win32-arm64-msvc': [ '4.46.4' ],
68 silly audit   '@rollup/rollup-win32-ia32-msvc': [ '4.46.4' ],
68 silly audit   '@rollup/rollup-win32-x64-msvc': [ '4.46.4' ],
68 silly audit   '@types/estree': [ '1.0.8' ],
68 silly audit   asynckit: [ '0.4.0' ],
68 silly audit   axios: [ '1.11.0' ],
68 silly audit   bootstrap: [ '5.3.7' ],
68 silly audit   braces: [ '3.0.3' ],
68 silly audit   'call-bind-apply-helpers': [ '1.0.2' ],
68 silly audit   chokidar: [ '4.0.3' ],
68 silly audit   'combined-stream': [ '1.0.8' ],
68 silly audit   'delayed-stream': [ '1.0.0' ],
68 silly audit   'detect-libc': [ '1.0.3' ],
68 silly audit   'dunder-proto': [ '1.0.1' ],
68 silly audit   'es-define-property': [ '1.0.1' ],
68 silly audit   'es-errors': [ '1.3.0' ],
68 silly audit   'es-object-atoms': [ '1.1.1' ],
68 silly audit   'es-set-tostringtag': [ '2.1.0' ],
68 silly audit   esbuild: [ '0.21.5' ],
68 silly audit   'fill-range': [ '7.1.1' ],
68 silly audit   'follow-redirects': [ '1.15.11' ],
68 silly audit   'form-data': [ '4.0.4' ],
68 silly audit   fsevents: [ '2.3.3' ],
68 silly audit   'function-bind': [ '1.1.2' ],
68 silly audit   'get-intrinsic': [ '1.3.0' ],
68 silly audit   'get-proto': [ '1.0.1' ],
68 silly audit   gopd: [ '1.2.0' ],
68 silly audit   'has-symbols': [ '1.1.0' ],
68 silly audit   'has-tostringtag': [ '1.0.2' ],
68 silly audit   hasown: [ '2.0.2' ],
68 silly audit   immutable: [ '5.1.3' ],
68 silly audit   'is-extglob': [ '2.1.1' ],
68 silly audit   'is-glob': [ '4.0.3' ],
68 silly audit   'is-number': [ '7.0.0' ],
68 silly audit   'laravel-vite-plugin': [ '1.3.0' ],
68 silly audit   'math-intrinsics': [ '1.1.0' ],
68 silly audit   micromatch: [ '4.0.8' ],
68 silly audit   'mime-db': [ '1.52.0' ],
68 silly audit   'mime-types': [ '2.1.35' ],
68 silly audit   nanoid: [ '3.3.11' ],
68 silly audit   'node-addon-api': [ '7.1.1' ],
68 silly audit   picocolors: [ '1.1.1' ],
68 silly audit   picomatch: [ '2.3.1' ],
68 silly audit   postcss: [ '8.5.6' ],
68 silly audit   'proxy-from-env': [ '1.1.0' ],
68 silly audit   readdirp: [ '4.1.2' ],
68 silly audit   rollup: [ '4.46.4' ],
68 silly audit   sass: [ '1.90.0' ],
68 silly audit   'source-map-js': [ '1.2.1' ],
68 silly audit   'to-regex-range': [ '5.0.1' ],
68 silly audit   vite: [ '5.4.20' ],
68 silly audit   'vite-plugin-full-reload': [ '1.2.0' ]
68 silly audit }
69 http cache @types/estree@https://registry.npmjs.org/@types/estree/-/estree-1.0.8.tgz 1ms (cache hit)
70 http cache @parcel/watcher-win32-x64@https://registry.npmjs.org/@parcel/watcher-win32-x64/-/watcher-win32-x64-2.5.1.tgz 0ms (cache hit)
71 http cache @parcel/watcher@https://registry.npmjs.org/@parcel/watcher/-/watcher-2.5.1.tgz 0ms (cache hit)
72 http cache @esbuild/win32-x64@https://registry.npmjs.org/@esbuild/win32-x64/-/win32-x64-0.21.5.tgz 0ms (cache hit)
73 http cache @rollup/rollup-win32-x64-msvc@https://registry.npmjs.org/@rollup/rollup-win32-x64-msvc/-/rollup-win32-x64-msvc-4.46.4.tgz 0ms (cache hit)
74 http cache vite-plugin-full-reload@https://registry.npmjs.org/vite-plugin-full-reload/-/vite-plugin-full-reload-1.2.0.tgz 0ms (cache hit)
75 http cache vite@https://registry.npmjs.org/vite/-/vite-5.4.20.tgz 0ms (cache hit)
76 http cache source-map-js@https://registry.npmjs.org/source-map-js/-/source-map-js-1.2.1.tgz 0ms (cache hit)
77 http cache rollup@https://registry.npmjs.org/rollup/-/rollup-4.46.4.tgz 0ms (cache hit)
78 http cache to-regex-range@https://registry.npmjs.org/to-regex-range/-/to-regex-range-5.0.1.tgz 0ms (cache hit)
79 http cache sass@https://registry.npmjs.org/sass/-/sass-1.90.0.tgz 0ms (cache hit)
80 http cache proxy-from-env@https://registry.npmjs.org/proxy-from-env/-/proxy-from-env-1.1.0.tgz 1ms (cache hit)
81 http cache postcss@https://registry.npmjs.org/postcss/-/postcss-8.5.6.tgz 0ms (cache hit)
82 http cache readdirp@https://registry.npmjs.org/readdirp/-/readdirp-4.1.2.tgz 0ms (cache hit)
83 http cache picomatch@https://registry.npmjs.org/picomatch/-/picomatch-2.3.1.tgz 0ms (cache hit)
84 http cache picocolors@https://registry.npmjs.org/picocolors/-/picocolors-1.1.1.tgz 0ms (cache hit)
85 http cache node-addon-api@https://registry.npmjs.org/node-addon-api/-/node-addon-api-7.1.1.tgz 0ms (cache hit)
86 http cache mime-db@https://registry.npmjs.org/mime-db/-/mime-db-1.52.0.tgz 0ms (cache hit)
87 http cache mime-types@https://registry.npmjs.org/mime-types/-/mime-types-2.1.35.tgz 0ms (cache hit)
88 http cache micromatch@https://registry.npmjs.org/micromatch/-/micromatch-4.0.8.tgz 0ms (cache hit)
89 http cache math-intrinsics@https://registry.npmjs.org/math-intrinsics/-/math-intrinsics-1.1.0.tgz 0ms (cache hit)
90 http cache laravel-vite-plugin@https://registry.npmjs.org/laravel-vite-plugin/-/laravel-vite-plugin-1.3.0.tgz 0ms (cache hit)
91 http cache is-number@https://registry.npmjs.org/is-number/-/is-number-7.0.0.tgz 0ms (cache hit)
92 http cache is-extglob@https://registry.npmjs.org/is-extglob/-/is-extglob-2.1.1.tgz 0ms (cache hit)
93 http cache is-glob@https://registry.npmjs.org/is-glob/-/is-glob-4.0.3.tgz 0ms (cache hit)
94 http cache immutable@https://registry.npmjs.org/immutable/-/immutable-5.1.3.tgz 0ms (cache hit)
95 http cache hasown@https://registry.npmjs.org/hasown/-/hasown-2.0.2.tgz 0ms (cache hit)
96 http cache gopd@https://registry.npmjs.org/gopd/-/gopd-1.2.0.tgz 0ms (cache hit)
97 http cache has-symbols@https://registry.npmjs.org/has-symbols/-/has-symbols-1.1.0.tgz 0ms (cache hit)
98 http cache get-proto@https://registry.npmjs.org/get-proto/-/get-proto-1.0.1.tgz 0ms (cache hit)
99 http cache has-tostringtag@https://registry.npmjs.org/has-tostringtag/-/has-tostringtag-1.0.2.tgz 0ms (cache hit)
100 http cache function-bind@https://registry.npmjs.org/function-bind/-/function-bind-1.1.2.tgz 0ms (cache hit)
101 http cache nanoid@https://registry.npmjs.org/nanoid/-/nanoid-3.3.11.tgz 0ms (cache hit)
102 http cache follow-redirects@https://registry.npmjs.org/follow-redirects/-/follow-redirects-1.15.11.tgz 0ms (cache hit)
103 http cache fill-range@https://registry.npmjs.org/fill-range/-/fill-range-7.1.1.tgz 0ms (cache hit)
104 http cache form-data@https://registry.npmjs.org/form-data/-/form-data-4.0.4.tgz 0ms (cache hit)
105 http cache es-object-atoms@https://registry.npmjs.org/es-object-atoms/-/es-object-atoms-1.1.1.tgz 0ms (cache hit)
106 http cache detect-libc@https://registry.npmjs.org/detect-libc/-/detect-libc-1.0.3.tgz 0ms (cache hit)
107 http cache esbuild@https://registry.npmjs.org/esbuild/-/esbuild-0.21.5.tgz 0ms (cache hit)
108 http cache axios@https://registry.npmjs.org/axios/-/axios-1.11.0.tgz 0ms (cache hit)
109 http cache es-errors@https://registry.npmjs.org/es-errors/-/es-errors-1.3.0.tgz 0ms (cache hit)
110 http cache es-set-tostringtag@https://registry.npmjs.org/es-set-tostringtag/-/es-set-tostringtag-2.1.0.tgz 0ms (cache hit)
111 http cache dunder-proto@https://registry.npmjs.org/dunder-proto/-/dunder-proto-1.0.1.tgz 0ms (cache hit)
112 http cache es-define-property@https://registry.npmjs.org/es-define-property/-/es-define-property-1.0.1.tgz 0ms (cache hit)
113 http cache delayed-stream@https://registry.npmjs.org/delayed-stream/-/delayed-stream-1.0.0.tgz 0ms (cache hit)
114 http cache braces@https://registry.npmjs.org/braces/-/braces-3.0.3.tgz 0ms (cache hit)
115 http cache combined-stream@https://registry.npmjs.org/combined-stream/-/combined-stream-1.0.8.tgz 0ms (cache hit)
116 http cache chokidar@https://registry.npmjs.org/chokidar/-/chokidar-4.0.3.tgz 0ms (cache hit)
117 http cache get-intrinsic@https://registry.npmjs.org/get-intrinsic/-/get-intrinsic-1.3.0.tgz 0ms (cache hit)
118 silly tarball no local data for @types/estree@https://registry.npmjs.org/@types/estree/-/estree-1.0.8.tgz. Extracting by manifest.
119 silly tarball no local data for @parcel/watcher-win32-x64@https://registry.npmjs.org/@parcel/watcher-win32-x64/-/watcher-win32-x64-2.5.1.tgz. Extracting by manifest.
120 silly tarball no local data for @parcel/watcher@https://registry.npmjs.org/@parcel/watcher/-/watcher-2.5.1.tgz. Extracting by manifest.
121 silly tarball no local data for @esbuild/win32-x64@https://registry.npmjs.org/@esbuild/win32-x64/-/win32-x64-0.21.5.tgz. Extracting by manifest.
122 silly tarball no local data for @rollup/rollup-win32-x64-msvc@https://registry.npmjs.org/@rollup/rollup-win32-x64-msvc/-/rollup-win32-x64-msvc-4.46.4.tgz. Extracting by manifest.
123 silly tarball no local data for vite-plugin-full-reload@https://registry.npmjs.org/vite-plugin-full-reload/-/vite-plugin-full-reload-1.2.0.tgz. Extracting by manifest.
124 silly tarball no local data for vite@https://registry.npmjs.org/vite/-/vite-5.4.20.tgz. Extracting by manifest.
125 http cache asynckit@https://registry.npmjs.org/asynckit/-/asynckit-0.4.0.tgz 0ms (cache hit)
126 http cache bootstrap@https://registry.npmjs.org/bootstrap/-/bootstrap-5.3.7.tgz 0ms (cache hit)
127 silly tarball no local data for source-map-js@https://registry.npmjs.org/source-map-js/-/source-map-js-1.2.1.tgz. Extracting by manifest.
128 silly tarball no local data for rollup@https://registry.npmjs.org/rollup/-/rollup-4.46.4.tgz. Extracting by manifest.
129 silly tarball no local data for to-regex-range@https://registry.npmjs.org/to-regex-range/-/to-regex-range-5.0.1.tgz. Extracting by manifest.
130 http cache call-bind-apply-helpers@https://registry.npmjs.org/call-bind-apply-helpers/-/call-bind-apply-helpers-1.0.2.tgz 0ms (cache hit)
131 silly tarball no local data for sass@https://registry.npmjs.org/sass/-/sass-1.90.0.tgz. Extracting by manifest.
132 silly tarball no local data for proxy-from-env@https://registry.npmjs.org/proxy-from-env/-/proxy-from-env-1.1.0.tgz. Extracting by manifest.
133 silly tarball no local data for postcss@https://registry.npmjs.org/postcss/-/postcss-8.5.6.tgz. Extracting by manifest.
134 silly tarball no local data for readdirp@https://registry.npmjs.org/readdirp/-/readdirp-4.1.2.tgz. Extracting by manifest.
135 silly tarball no local data for picomatch@https://registry.npmjs.org/picomatch/-/picomatch-2.3.1.tgz. Extracting by manifest.
136 silly tarball no local data for picocolors@https://registry.npmjs.org/picocolors/-/picocolors-1.1.1.tgz. Extracting by manifest.
137 silly tarball no local data for node-addon-api@https://registry.npmjs.org/node-addon-api/-/node-addon-api-7.1.1.tgz. Extracting by manifest.
138 silly tarball no local data for mime-db@https://registry.npmjs.org/mime-db/-/mime-db-1.52.0.tgz. Extracting by manifest.
139 silly tarball no local data for mime-types@https://registry.npmjs.org/mime-types/-/mime-types-2.1.35.tgz. Extracting by manifest.
140 silly tarball no local data for micromatch@https://registry.npmjs.org/micromatch/-/micromatch-4.0.8.tgz. Extracting by manifest.
141 silly tarball no local data for math-intrinsics@https://registry.npmjs.org/math-intrinsics/-/math-intrinsics-1.1.0.tgz. Extracting by manifest.
142 silly tarball no local data for laravel-vite-plugin@https://registry.npmjs.org/laravel-vite-plugin/-/laravel-vite-plugin-1.3.0.tgz. Extracting by manifest.
143 silly tarball no local data for is-number@https://registry.npmjs.org/is-number/-/is-number-7.0.0.tgz. Extracting by manifest.
144 silly tarball no local data for is-extglob@https://registry.npmjs.org/is-extglob/-/is-extglob-2.1.1.tgz. Extracting by manifest.
145 silly tarball no local data for is-glob@https://registry.npmjs.org/is-glob/-/is-glob-4.0.3.tgz. Extracting by manifest.
146 silly tarball no local data for immutable@https://registry.npmjs.org/immutable/-/immutable-5.1.3.tgz. Extracting by manifest.
147 silly tarball no local data for hasown@https://registry.npmjs.org/hasown/-/hasown-2.0.2.tgz. Extracting by manifest.
148 silly tarball no local data for gopd@https://registry.npmjs.org/gopd/-/gopd-1.2.0.tgz. Extracting by manifest.
149 silly tarball no local data for has-symbols@https://registry.npmjs.org/has-symbols/-/has-symbols-1.1.0.tgz. Extracting by manifest.
150 silly tarball no local data for get-proto@https://registry.npmjs.org/get-proto/-/get-proto-1.0.1.tgz. Extracting by manifest.
151 silly tarball no local data for has-tostringtag@https://registry.npmjs.org/has-tostringtag/-/has-tostringtag-1.0.2.tgz. Extracting by manifest.
152 silly tarball no local data for function-bind@https://registry.npmjs.org/function-bind/-/function-bind-1.1.2.tgz. Extracting by manifest.
153 silly tarball no local data for nanoid@https://registry.npmjs.org/nanoid/-/nanoid-3.3.11.tgz. Extracting by manifest.
154 silly tarball no local data for follow-redirects@https://registry.npmjs.org/follow-redirects/-/follow-redirects-1.15.11.tgz. Extracting by manifest.
155 silly tarball no local data for fill-range@https://registry.npmjs.org/fill-range/-/fill-range-7.1.1.tgz. Extracting by manifest.
156 silly tarball no local data for form-data@https://registry.npmjs.org/form-data/-/form-data-4.0.4.tgz. Extracting by manifest.
157 silly tarball no local data for es-object-atoms@https://registry.npmjs.org/es-object-atoms/-/es-object-atoms-1.1.1.tgz. Extracting by manifest.
158 silly tarball no local data for detect-libc@https://registry.npmjs.org/detect-libc/-/detect-libc-1.0.3.tgz. Extracting by manifest.
159 silly tarball no local data for esbuild@https://registry.npmjs.org/esbuild/-/esbuild-0.21.5.tgz. Extracting by manifest.
160 silly tarball no local data for axios@https://registry.npmjs.org/axios/-/axios-1.11.0.tgz. Extracting by manifest.
161 silly tarball no local data for es-errors@https://registry.npmjs.org/es-errors/-/es-errors-1.3.0.tgz. Extracting by manifest.
162 silly tarball no local data for es-set-tostringtag@https://registry.npmjs.org/es-set-tostringtag/-/es-set-tostringtag-2.1.0.tgz. Extracting by manifest.
163 silly tarball no local data for dunder-proto@https://registry.npmjs.org/dunder-proto/-/dunder-proto-1.0.1.tgz. Extracting by manifest.
164 silly tarball no local data for es-define-property@https://registry.npmjs.org/es-define-property/-/es-define-property-1.0.1.tgz. Extracting by manifest.
165 silly tarball no local data for delayed-stream@https://registry.npmjs.org/delayed-stream/-/delayed-stream-1.0.0.tgz. Extracting by manifest.
166 silly tarball no local data for braces@https://registry.npmjs.org/braces/-/braces-3.0.3.tgz. Extracting by manifest.
167 silly tarball no local data for combined-stream@https://registry.npmjs.org/combined-stream/-/combined-stream-1.0.8.tgz. Extracting by manifest.
168 silly tarball no local data for chokidar@https://registry.npmjs.org/chokidar/-/chokidar-4.0.3.tgz. Extracting by manifest.
169 silly tarball no local data for get-intrinsic@https://registry.npmjs.org/get-intrinsic/-/get-intrinsic-1.3.0.tgz. Extracting by manifest.
170 silly tarball no local data for asynckit@https://registry.npmjs.org/asynckit/-/asynckit-0.4.0.tgz. Extracting by manifest.
171 silly tarball no local data for bootstrap@https://registry.npmjs.org/bootstrap/-/bootstrap-5.3.7.tgz. Extracting by manifest.
172 silly tarball no local data for call-bind-apply-helpers@https://registry.npmjs.org/call-bind-apply-helpers/-/call-bind-apply-helpers-1.0.2.tgz. Extracting by manifest.
173 http fetch POST 200 https://registry.npmjs.org/-/npm/v1/security/advisories/bulk 1046ms
174 silly audit report {
174 silly audit report   axios: [
174 silly audit report     {
174 silly audit report       id: 1112195,
174 silly audit report       url: 'https://github.com/advisories/GHSA-4hjh-wcwx-xvwj',
174 silly audit report       title: 'Axios is vulnerable to DoS attack through lack of data size check',
174 silly audit report       severity: 'high',
174 silly audit report       vulnerable_versions: '>=1.0.0 <1.12.0',
174 silly audit report       cwe: [Array],
174 silly audit report       cvss: [Object]
174 silly audit report     },
174 silly audit report     {
174 silly audit report       id: 1113275,
174 silly audit report       url: 'https://github.com/advisories/GHSA-43fc-jf86-j433',
174 silly audit report       title: 'Axios is Vulnerable to Denial of Service via __proto__ Key in mergeConfig',
174 silly audit report       severity: 'high',
174 silly audit report       vulnerable_versions: '>=1.0.0 <=1.13.4',
174 silly audit report       cwe: [Array],
174 silly audit report       cvss: [Object]
174 silly audit report     }
174 silly audit report   ],
174 silly audit report   esbuild: [
174 silly audit report     {
174 silly audit report       id: 1102341,
174 silly audit report       url: 'https://github.com/advisories/GHSA-67mh-4wv8-2f99',
174 silly audit report       title: 'esbuild enables any website to send any requests to the development server and read the response',
174 silly audit report       severity: 'moderate',
174 silly audit report       vulnerable_versions: '<=0.24.2',
174 silly audit report       cwe: [Array],
174 silly audit report       cvss: [Object]
174 silly audit report     }
174 silly audit report   ],
174 silly audit report   immutable: [
174 silly audit report     {
174 silly audit report       id: 1114168,
174 silly audit report       url: 'https://github.com/advisories/GHSA-wf6x-7x77-mvgw',
174 silly audit report       title: 'Immutable is vulnerable to Prototype Pollution',
174 silly audit report       severity: 'high',
174 silly audit report       vulnerable_versions: '>=5.0.0 <5.1.5',
174 silly audit report       cwe: [Array],
174 silly audit report       cvss: [Object]
174 silly audit report     }
174 silly audit report   ],
174 silly audit report   picomatch: [
174 silly audit report     {
174 silly audit report       id: 1115549,
174 silly audit report       url: 'https://github.com/advisories/GHSA-3v7f-55p6-f55p',
174 silly audit report       title: 'Picomatch: Method Injection in POSIX Character Classes causes incorrect Glob Matching',
174 silly audit report       severity: 'moderate',
174 silly audit report       vulnerable_versions: '<2.3.2',
174 silly audit report       cwe: [Array],
174 silly audit report       cvss: [Object]
174 silly audit report     },
174 silly audit report     {
174 silly audit report       id: 1115552,
174 silly audit report       url: 'https://github.com/advisories/GHSA-c2c7-rcm5-vvqj',
174 silly audit report       title: 'Picomatch has a ReDoS vulnerability via extglob quantifiers',
174 silly audit report       severity: 'high',
174 silly audit report       vulnerable_versions: '<2.3.2',
174 silly audit report       cwe: [Array],
174 silly audit report       cvss: [Object]
174 silly audit report     }
174 silly audit report   ],
174 silly audit report   rollup: [
174 silly audit report     {
174 silly audit report       id: 1113515,
174 silly audit report       url: 'https://github.com/advisories/GHSA-mw96-cpmx-2vgc',
174 silly audit report       title: 'Rollup 4 has Arbitrary File Write via Path Traversal',
174 silly audit report       severity: 'high',
174 silly audit report       vulnerable_versions: '>=4.0.0 <4.59.0',
174 silly audit report       cwe: [Array],
174 silly audit report       cvss: [Object]
174 silly audit report     }
174 silly audit report   ],
174 silly audit report   vite: [
174 silly audit report     {
174 silly audit report       id: 1109131,
174 silly audit report       url: 'https://github.com/advisories/GHSA-93m4-6634-74q7',
174 silly audit report       title: 'vite allows server.fs.deny bypass via backslash on Windows',
174 silly audit report       severity: 'moderate',
174 silly audit report       vulnerable_versions: '>=5.2.6 <=5.4.20',
174 silly audit report       cwe: [Array],
174 silly audit report       cvss: [Object]
174 silly audit report     }
174 silly audit report   ]
174 silly audit report }
175 silly packumentCache corgi:https://registry.npmjs.org/axios cache-miss
176 silly packumentCache corgi:https://registry.npmjs.org/esbuild cache-miss
177 silly packumentCache corgi:https://registry.npmjs.org/immutable cache-miss
178 silly packumentCache corgi:https://registry.npmjs.org/picomatch cache-miss
179 silly packumentCache corgi:https://registry.npmjs.org/rollup cache-miss
180 silly packumentCache corgi:https://registry.npmjs.org/vite cache-miss
181 http fetch GET 200 https://registry.npmjs.org/@types/estree/-/estree-1.0.8.tgz 1027ms (cache miss)
182 http fetch GET 200 https://registry.npmjs.org/picocolors/-/picocolors-1.1.1.tgz 951ms (cache miss)
183 http fetch GET 200 https://registry.npmjs.org/mime-types/-/mime-types-2.1.35.tgz 1054ms (cache miss)
184 http fetch GET 200 https://registry.npmjs.org/is-extglob/-/is-extglob-2.1.1.tgz 1127ms (cache miss)
185 http fetch GET 200 https://registry.npmjs.org/is-number/-/is-number-7.0.0.tgz 1156ms (cache miss)
186 http fetch GET 200 https://registry.npmjs.org/get-proto/-/get-proto-1.0.1.tgz 1205ms (cache miss)
187 http fetch GET 200 https://registry.npmjs.org/fill-range/-/fill-range-7.1.1.tgz 1192ms (cache miss)
188 http fetch GET 200 https://registry.npmjs.org/gopd/-/gopd-1.2.0.tgz 1219ms (cache miss)
189 http fetch GET 200 https://registry.npmjs.org/es-object-atoms/-/es-object-atoms-1.1.1.tgz 1213ms (cache miss)
190 http fetch GET 200 https://registry.npmjs.org/to-regex-range/-/to-regex-range-5.0.1.tgz 1322ms (cache miss)
191 http fetch GET 200 https://registry.npmjs.org/es-define-property/-/es-define-property-1.0.1.tgz 1233ms (cache miss)
192 http fetch GET 200 https://registry.npmjs.org/asynckit/-/asynckit-0.4.0.tgz 1183ms (cache miss)
193 http fetch GET 200 https://registry.npmjs.org/delayed-stream/-/delayed-stream-1.0.0.tgz 1280ms (cache miss)
194 http fetch GET 200 https://registry.npmjs.org/picomatch 1100ms (cache miss)
195 silly packumentCache corgi:https://registry.npmjs.org/picomatch set size:undefined disposed:false
196 http fetch GET 200 https://registry.npmjs.org/proxy-from-env/-/proxy-from-env-1.1.0.tgz 1408ms (cache miss)
197 http fetch GET 200 https://registry.npmjs.org/vite-plugin-full-reload/-/vite-plugin-full-reload-1.2.0.tgz 1450ms (cache miss)
198 http fetch GET 200 https://registry.npmjs.org/immutable 1133ms (cache miss)
199 silly packumentCache corgi:https://registry.npmjs.org/immutable set size:undefined disposed:false
200 http fetch GET 200 https://registry.npmjs.org/readdirp/-/readdirp-4.1.2.tgz 1433ms (cache miss)
201 http fetch GET 200 https://registry.npmjs.org/micromatch/-/micromatch-4.0.8.tgz 1421ms (cache miss)
202 http fetch GET 200 https://registry.npmjs.org/detect-libc/-/detect-libc-1.0.3.tgz 1370ms (cache miss)
203 http fetch GET 200 https://registry.npmjs.org/is-glob/-/is-glob-4.0.3.tgz 1431ms (cache miss)
204 http fetch GET 200 https://registry.npmjs.org/combined-stream/-/combined-stream-1.0.8.tgz 1428ms (cache miss)
205 http fetch GET 200 https://registry.npmjs.org/laravel-vite-plugin/-/laravel-vite-plugin-1.3.0.tgz 1507ms (cache miss)
206 http fetch GET 200 https://registry.npmjs.org/es-set-tostringtag/-/es-set-tostringtag-2.1.0.tgz 1485ms (cache miss)
207 http fetch GET 200 https://registry.npmjs.org/hasown/-/hasown-2.0.2.tgz 1542ms (cache miss)
208 http fetch GET 200 https://registry.npmjs.org/axios 1296ms (cache miss)
209 silly packumentCache corgi:https://registry.npmjs.org/axios set size:undefined disposed:false
210 http fetch GET 200 https://registry.npmjs.org/mime-db/-/mime-db-1.52.0.tgz 1589ms (cache miss)
211 http fetch GET 200 https://registry.npmjs.org/follow-redirects/-/follow-redirects-1.15.11.tgz 1573ms (cache miss)
212 http fetch GET 200 https://registry.npmjs.org/esbuild/-/esbuild-0.21.5.tgz 1566ms (cache miss)
213 http fetch GET 200 https://registry.npmjs.org/form-data/-/form-data-4.0.4.tgz 1647ms (cache miss)
214 http fetch GET 200 https://registry.npmjs.org/function-bind/-/function-bind-1.1.2.tgz 1663ms (cache miss)
215 http fetch GET 200 https://registry.npmjs.org/get-intrinsic/-/get-intrinsic-1.3.0.tgz 1629ms (cache miss)
216 http fetch GET 200 https://registry.npmjs.org/chokidar/-/chokidar-4.0.3.tgz 1723ms (cache miss)
217 http fetch GET 200 https://registry.npmjs.org/dunder-proto/-/dunder-proto-1.0.1.tgz 1739ms (cache miss)
218 http fetch GET 200 https://registry.npmjs.org/has-tostringtag/-/has-tostringtag-1.0.2.tgz 1791ms (cache miss)
219 http fetch GET 200 https://registry.npmjs.org/picomatch/-/picomatch-2.3.1.tgz 1842ms (cache miss)
220 http fetch GET 200 https://registry.npmjs.org/has-symbols/-/has-symbols-1.1.0.tgz 1834ms (cache miss)
221 http fetch GET 200 https://registry.npmjs.org/braces/-/braces-3.0.3.tgz 1813ms (cache miss)
222 http fetch GET 200 https://registry.npmjs.org/immutable/-/immutable-5.1.3.tgz 1888ms (cache miss)
223 http fetch GET 200 https://registry.npmjs.org/es-errors/-/es-errors-1.3.0.tgz 1866ms (cache miss)
224 http fetch GET 200 https://registry.npmjs.org/call-bind-apply-helpers/-/call-bind-apply-helpers-1.0.2.tgz 1761ms (cache miss)
225 http fetch GET 200 https://registry.npmjs.org/node-addon-api/-/node-addon-api-7.1.1.tgz 1945ms (cache miss)
226 http fetch GET 200 https://registry.npmjs.org/@parcel/watcher-win32-x64/-/watcher-win32-x64-2.5.1.tgz 2047ms (cache miss)
227 http fetch GET 200 https://registry.npmjs.org/esbuild 1719ms (cache miss)
228 silly packumentCache corgi:https://registry.npmjs.org/esbuild set size:undefined disposed:false
229 http fetch GET 200 https://registry.npmjs.org/source-map-js/-/source-map-js-1.2.1.tgz 2076ms (cache miss)
230 http fetch GET 200 https://registry.npmjs.org/nanoid/-/nanoid-3.3.11.tgz 2013ms (cache miss)
231 http fetch GET 200 https://registry.npmjs.org/math-intrinsics/-/math-intrinsics-1.1.0.tgz 2295ms (cache miss)
232 http fetch GET 200 https://registry.npmjs.org/rollup 2096ms (cache miss)
233 silly packumentCache corgi:https://registry.npmjs.org/rollup set size:undefined disposed:false
234 http fetch GET 200 https://registry.npmjs.org/vite 2172ms (cache miss)
235 silly packumentCache corgi:https://registry.npmjs.org/vite set size:undefined disposed:false
236 silly packumentCache corgi:https://registry.npmjs.org/sass cache-miss
237 http fetch GET 200 https://registry.npmjs.org/@rollup/rollup-win32-x64-msvc/-/rollup-win32-x64-msvc-4.46.4.tgz 2933ms (cache miss)
238 http fetch GET 200 https://registry.npmjs.org/@parcel/watcher/-/watcher-2.5.1.tgz 2978ms (cache miss)
239 http fetch GET 200 https://registry.npmjs.org/sass 142ms (cache miss)
240 silly packumentCache corgi:https://registry.npmjs.org/sass set size:undefined disposed:false
241 silly packumentCache corgi:https://registry.npmjs.org/micromatch cache-miss
242 silly packumentCache corgi:https://registry.npmjs.org/vite-plugin-full-reload cache-miss
243 http fetch GET 200 https://registry.npmjs.org/postcss/-/postcss-8.5.6.tgz 2987ms (cache miss)
244 http fetch GET 200 https://registry.npmjs.org/rollup/-/rollup-4.46.4.tgz 3097ms (cache miss)
245 http fetch GET 200 https://registry.npmjs.org/micromatch 117ms (cache miss)
246 silly packumentCache corgi:https://registry.npmjs.org/micromatch set size:undefined disposed:false
247 http fetch GET 200 https://registry.npmjs.org/vite-plugin-full-reload 155ms (cache miss)
248 silly packumentCache corgi:https://registry.npmjs.org/vite-plugin-full-reload set size:undefined disposed:false
249 silly packumentCache corgi:https://registry.npmjs.org/laravel-vite-plugin cache-miss
250 http fetch GET 200 https://registry.npmjs.org/vite/-/vite-5.4.20.tgz 3351ms (cache miss)
251 http fetch GET 200 https://registry.npmjs.org/sass/-/sass-1.90.0.tgz 3432ms (cache miss)
252 http fetch GET 200 https://registry.npmjs.org/@esbuild/win32-x64/-/win32-x64-0.21.5.tgz 3477ms (cache miss)
253 http fetch GET 200 https://registry.npmjs.org/laravel-vite-plugin 214ms (cache miss)
254 silly packumentCache corgi:https://registry.npmjs.org/laravel-vite-plugin set size:undefined disposed:false
255 http fetch GET 200 https://registry.npmjs.org/axios/-/axios-1.11.0.tgz 3510ms (cache miss)
256 http fetch GET 200 https://registry.npmjs.org/bootstrap/-/bootstrap-5.3.7.tgz 4240ms (cache miss)
257 info run @parcel/watcher@2.5.1 install node_modules/@parcel/watcher node scripts/build-from-source.js
258 info run @parcel/watcher@2.5.1 install { code: 0, signal: null }
259 info run esbuild@0.21.5 postinstall node_modules/esbuild node install.js
260 info run esbuild@0.21.5 postinstall { code: 0, signal: null }
261 silly CHANGE node_modules/@types/estree
262 silly CHANGE node_modules/@parcel/watcher-win32-x64
263 silly CHANGE node_modules/@parcel/watcher
264 silly CHANGE node_modules/@rollup/rollup-win32-x64-msvc
265 silly CHANGE node_modules/@esbuild/win32-x64
266 silly CHANGE node_modules/vite-plugin-full-reload
267 silly CHANGE node_modules/vite
268 silly CHANGE node_modules/to-regex-range
269 silly CHANGE node_modules/source-map-js
270 silly CHANGE node_modules/sass
271 silly CHANGE node_modules/rollup
272 silly CHANGE node_modules/readdirp
273 silly CHANGE node_modules/proxy-from-env
274 silly CHANGE node_modules/postcss
275 silly CHANGE node_modules/picomatch
276 silly CHANGE node_modules/picocolors
277 silly CHANGE node_modules/node-addon-api
278 silly CHANGE node_modules/nanoid
279 silly CHANGE node_modules/mime-types
280 silly CHANGE node_modules/mime-db
281 silly CHANGE node_modules/micromatch
282 silly CHANGE node_modules/math-intrinsics
283 silly CHANGE node_modules/laravel-vite-plugin
284 silly CHANGE node_modules/is-number
285 silly CHANGE node_modules/is-glob
286 silly CHANGE node_modules/is-extglob
287 silly CHANGE node_modules/immutable
288 silly CHANGE node_modules/hasown
289 silly CHANGE node_modules/gopd
290 silly CHANGE node_modules/has-tostringtag
291 silly CHANGE node_modules/has-symbols
292 silly CHANGE node_modules/detect-libc
293 silly CHANGE node_modules/get-proto
294 silly CHANGE node_modules/get-intrinsic
295 silly CHANGE node_modules/function-bind
296 silly CHANGE node_modules/form-data
297 silly CHANGE node_modules/follow-redirects
298 silly CHANGE node_modules/fill-range
299 silly CHANGE node_modules/es-set-tostringtag
300 silly CHANGE node_modules/esbuild
301 silly CHANGE node_modules/es-object-atoms
302 silly CHANGE node_modules/es-errors
303 silly CHANGE node_modules/es-define-property
304 silly CHANGE node_modules/dunder-proto
305 silly CHANGE node_modules/axios
306 silly CHANGE node_modules/braces
307 silly CHANGE node_modules/delayed-stream
308 silly CHANGE node_modules/combined-stream
309 silly CHANGE node_modules/chokidar
310 silly CHANGE node_modules/call-bind-apply-helpers
311 silly CHANGE node_modules/bootstrap
312 silly CHANGE node_modules/asynckit
313 verbose cwd C:\laragon\www\nawi-2
314 verbose os Windows_NT 10.0.26200
315 verbose node v24.11.1
316 verbose npm  v11.6.2
317 notice
317 notice New minor version of npm available! 11.6.2 -> 11.12.1
317 notice Changelog: https://github.com/npm/cli/releases/tag/v11.12.1
317 notice To update run: npm install -g npm@11.12.1
317 notice  { force: true, Symbol(proc-log.meta): true }
318 verbose exit 0
319 info ok
